2026-09-06 18:45:53,291 INFO root: benchmark host is clear
2026-09-06 18:45:53,294 INFO __main__: run started cameras=entrance,loby archive=/app/resources/archive_debug_cache reference=disabled
2026-09-06 18:46:06,044 WARNING peoplein.stream: archive interval skipped start=2026-07-13T23:53:27.000 end=2026-07-13T23:56:04.000 duration_seconds=157.0 reason=camera_archives_do_not_overlap
2026-09-06 18:46:06,045 INFO peoplein.stream: analysis interval ready start=2026-07-13 23:56:04 end=2026-07-13 23:58:27
2026-09-06 18:46:50,016 INFO peoplein.stream: decoded entrance/20260713-235604.mkv: 715 frames
2026-09-06 18:46:50,135 INFO peoplein.stream: decoded loby/20260713-235327.mkv: 3575 frames
2026-09-06 18:46:50,153 INFO __main__: analysis interval completed start=2026-07-13 23:56:04 end=2026-07-13 23:58:27 frames=4290 ticks=715 entered=0 exited=0 people_inside=0
2026-09-06 18:46:50,155 INFO __main__: summary updated end=2026-07-13 23:58:27
2026-09-06 18:46:50,156 INFO peoplein.stream: analysis interval ready start=2026-07-13 23:58:27 end=2026-07-14 00:01:04
2026-09-06 18:47:38,455 INFO peoplein.stream: decoded entrance/20260713-235604.mkv: 785 frames
2026-09-06 18:47:38,561 INFO peoplein.stream: decoded loby/20260713-235827.mkv: 3925 frames
2026-09-06 18:47:38,579 INFO __main__: analysis interval completed start=2026-07-13 23:58:27 end=2026-07-14 00:01:04 frames=4710 ticks=785 entered=0 exited=0 people_inside=0
2026-09-06 18:47:38,580 INFO __main__: summary updated end=2026-07-14 00:01:04
2026-09-06 18:47:38,581 INFO peoplein.stream: analysis interval ready start=2026-07-14 00:01:04 end=2026-07-14 00:03:27
2026-09-06 18:48:21,624 INFO peoplein.stream: decoded entrance/20260714-000104.mkv: 715 frames
2026-09-06 18:48:21,737 INFO peoplein.stream: decoded loby/20260713-235827.mkv: 3575 frames
2026-09-06 18:48:21,755 INFO __main__: analysis interval completed start=2026-07-14 00:01:04 end=2026-07-14 00:03:27 frames=4290 ticks=715 entered=0 exited=0 people_inside=0
2026-09-06 18:48:21,756 INFO __main__: summary updated end=2026-07-14 00:03:27
2026-09-06 18:48:21,756 INFO peoplein.stream: analysis interval ready start=2026-07-14 00:03:28 end=2026-07-14 00:06:04
2026-09-06 18:49:05,836 INFO peoplein.stream: decoded entrance/20260714-000104.mkv: 780 frames
2026-09-06 18:49:05,971 INFO peoplein.stream: decoded loby/20260714-000328.mkv: 3900 frames
2026-09-06 18:49:05,998 INFO __main__: analysis interval completed start=2026-07-14 00:03:28 end=2026-07-14 00:06:04 frames=4680 ticks=780 entered=0 exited=0 people_inside=0
2026-09-06 18:49:06,000 INFO __main__: summary updated end=2026-07-14 00:06:04
2026-09-06 18:49:06,001 INFO peoplein.stream: analysis interval ready start=2026-07-14 00:06:04 end=2026-07-14 00:08:28
2026-09-06 18:49:48,068 INFO peoplein.stream: decoded entrance/20260714-000604.mkv: 720 frames
2026-09-06 18:49:48,186 INFO peoplein.stream: decoded loby/20260714-000328.mkv: 3600 frames
2026-09-06 18:49:48,208 INFO __main__: analysis interval completed start=2026-07-14 00:06:04 end=2026-07-14 00:08:28 frames=4320 ticks=720 entered=0 exited=0 people_inside=0
2026-09-06 18:49:48,210 INFO __main__: summary updated end=2026-07-14 00:08:28
2026-09-06 18:49:48,210 WARNING peoplein.stream: archive interval skipped start=2026-07-14T00:08:28.000 end=2026-08-19T01:42:43.000 duration_seconds=3116055.0 reason=camera_archives_do_not_overlap
2026-09-06 18:49:48,210 INFO peoplein.stream: analysis interval ready start=2026-08-19 01:42:43 end=2026-08-19 01:46:05
2026-09-06 18:50:44,175 INFO peoplein.stream: decoded entrance/20260819-014105.mkv: 1010 frames
2026-09-06 18:50:44,298 INFO peoplein.stream: decoded loby/20260819-014243.mkv: 5050 frames
2026-09-06 18:50:44,323 INFO __main__: analysis interval completed start=2026-08-19 01:42:43 end=2026-08-19 01:46:05 frames=6060 ticks=1010 entered=0 exited=0 people_inside=0
2026-09-06 18:50:44,325 INFO __main__: summary updated end=2026-08-19 01:46:05
2026-09-06 18:50:44,325 WARNING peoplein.stream: archive interval skipped start=2026-08-19T01:46:05.000 end=2026-08-19T02:17:42.000 duration_seconds=1897.0 reason=camera_archives_do_not_overlap
2026-09-06 18:50:44,325 INFO peoplein.stream: analysis interval ready start=2026-08-19 02:17:42 end=2026-08-19 02:21:05
2026-09-06 18:51:42,680 INFO peoplein.stream: decoded entrance/20260819-021605.mkv: 1015 frames
2026-09-06 18:51:42,791 INFO peoplein.stream: decoded loby/20260819-021742.mkv: 5075 frames
2026-09-06 18:51:42,809 INFO __main__: analysis interval completed start=2026-08-19 02:17:42 end=2026-08-19 02:21:05 frames=6090 ticks=1015 entered=0 exited=0 people_inside=0
2026-09-06 18:51:42,811 INFO __main__: summary updated end=2026-08-19 02:21:05
2026-09-06 18:51:42,811 WARNING peoplein.stream: archive interval skipped start=2026-08-19T02:21:05.000 end=2026-08-19T08:31:04.000 duration_seconds=22199.0 reason=camera_archives_do_not_overlap
2026-09-06 18:51:42,811 INFO peoplein.stream: analysis interval ready start=2026-08-19 08:31:04 end=2026-08-19 08:32:41
2026-09-06 18:52:15,237 INFO peoplein.stream: decoded entrance/20260819-083104.mkv: 485 frames
2026-09-06 18:52:15,339 INFO peoplein.stream: decoded loby/20260819-082741.mkv: 2425 frames
2026-09-06 18:52:15,356 INFO __main__: analysis interval completed start=2026-08-19 08:31:04 end=2026-08-19 08:32:41 frames=2910 ticks=485 entered=0 exited=0 people_inside=0
2026-09-06 18:52:15,358 INFO __main__: summary updated end=2026-08-19 08:32:41
2026-09-06 18:52:15,358 WARNING peoplein.stream: archive interval skipped start=2026-08-19T08:32:41.000 end=2026-08-19T09:32:42.000 duration_seconds=3601.0 reason=camera_archives_do_not_overlap
2026-09-06 18:52:15,358 INFO peoplein.stream: analysis interval ready start=2026-08-19 09:32:42 end=2026-08-19 09:36:04
2026-09-06 18:53:11,584 INFO peoplein.stream: decoded entrance/20260819-093104.mkv: 1010 frames
2026-09-06 18:53:11,712 INFO peoplein.stream: decoded loby/20260819-093242.mkv: 5050 frames
2026-09-06 18:53:11,734 INFO __main__: analysis interval completed start=2026-08-19 09:32:42 end=2026-08-19 09:36:04 frames=6060 ticks=1010 entered=0 exited=0 people_inside=0
2026-09-06 18:53:11,735 INFO __main__: summary updated end=2026-08-19 09:36:04
2026-09-06 18:53:11,736 WARNING peoplein.stream: archive interval skipped start=2026-08-19T09:36:04.000 end=2026-08-19T15:31:04.000 duration_seconds=21300.0 reason=camera_archives_do_not_overlap
2026-09-06 18:53:11,736 INFO peoplein.stream: analysis interval ready start=2026-08-19 15:31:04 end=2026-08-19 15:32:40
2026-09-06 18:53:43,966 INFO peoplein.stream: decoded entrance/20260819-153104.mkv: 480 frames
2026-09-06 18:53:44,087 INFO peoplein.stream: decoded loby/20260819-152740.mkv: 2400 frames
2026-09-06 18:53:44,099 INFO __main__: analysis interval completed start=2026-08-19 15:31:04 end=2026-08-19 15:32:40 frames=2880 ticks=480 entered=0 exited=0 people_inside=0
2026-09-06 18:53:44,101 INFO __main__: summary updated end=2026-08-19 15:32:40
2026-09-06 18:53:44,101 INFO peoplein.stream: analysis interval ready start=2026-08-19 15:32:40 end=2026-08-19 15:36:04
2026-09-06 18:54:41,764 INFO peoplein.stream: decoded entrance/20260819-153104.mkv: 1020 frames
2026-09-06 18:54:41,894 INFO peoplein.stream: decoded loby/20260819-153240.mkv: 5100 frames
2026-09-06 18:54:41,916 INFO __main__: analysis interval completed start=2026-08-19 15:32:40 end=2026-08-19 15:36:04 frames=6120 ticks=1020 entered=0 exited=0 people_inside=0
2026-09-06 18:54:41,918 INFO __main__: summary updated end=2026-08-19 15:36:04
2026-09-06 18:54:41,918 WARNING peoplein.stream: archive interval skipped start=2026-08-19T15:36:04.000 end=2026-08-19T16:12:41.000 duration_seconds=2197.0 reason=camera_archives_do_not_overlap
2026-09-06 18:54:41,918 INFO peoplein.stream: analysis interval ready start=2026-08-19 16:12:41 end=2026-08-19 16:16:04
2026-09-06 18:55:40,523 INFO peoplein.stream: decoded entrance/20260819-161104.mkv: 1015 frames
2026-09-06 18:55:40,656 INFO peoplein.stream: decoded loby/20260819-161241.mkv: 5075 frames
2026-09-06 18:55:40,682 INFO __main__: analysis interval completed start=2026-08-19 16:12:41 end=2026-08-19 16:16:04 frames=6090 ticks=1015 entered=0 exited=0 people_inside=0
2026-09-06 18:55:40,685 INFO __main__: summary updated end=2026-08-19 16:16:04
2026-09-06 18:55:40,685 WARNING peoplein.stream: archive interval skipped start=2026-08-19T16:16:04.000 end=2026-08-19T18:37:41.000 duration_seconds=8497.0 reason=camera_archives_do_not_overlap
2026-09-06 18:55:40,685 INFO peoplein.stream: analysis interval ready start=2026-08-19 18:37:41 end=2026-08-19 18:41:04
2026-09-06 18:56:39,632 INFO peoplein.stream: decoded entrance/20260819-183604.mkv: 1015 frames
2026-09-06 18:56:39,764 INFO peoplein.stream: decoded loby/20260819-183741.mkv: 5075 frames
2026-09-06 18:56:39,787 INFO __main__: analysis interval completed start=2026-08-19 18:37:41 end=2026-08-19 18:41:04 frames=6090 ticks=1015 entered=0 exited=0 people_inside=0
2026-09-06 18:56:39,790 INFO __main__: summary updated end=2026-08-19 18:41:04
2026-09-06 18:56:39,790 WARNING peoplein.stream: archive interval skipped start=2026-08-19T18:41:04.000 end=2026-08-19T19:51:04.000 duration_seconds=4200.0 reason=camera_archives_do_not_overlap
2026-09-06 18:56:39,791 INFO peoplein.stream: analysis interval ready start=2026-08-19 19:51:04 end=2026-08-19 19:52:41
2026-09-06 18:57:11,421 INFO peoplein.stream: decoded entrance/20260819-195104.mkv: 485 frames
2026-09-06 18:57:11,521 INFO peoplein.stream: decoded loby/20260819-194741.mkv: 2425 frames
2026-09-06 18:57:11,540 INFO __main__: analysis interval completed start=2026-08-19 19:51:04 end=2026-08-19 19:52:41 frames=2910 ticks=485 entered=0 exited=0 people_inside=0
2026-09-06 18:57:11,542 INFO __main__: summary updated end=2026-08-19 19:52:41
2026-09-06 18:57:11,542 WARNING peoplein.stream: archive interval skipped start=2026-08-19T19:52:41.000 end=2026-08-19T20:52:40.000 duration_seconds=3599.0 reason=camera_archives_do_not_overlap
2026-09-06 18:57:11,542 INFO peoplein.stream: analysis interval ready start=2026-08-19 20:52:40 end=2026-08-19 20:56:04
2026-09-06 18:58:10,052 INFO peoplein.stream: decoded entrance/20260819-205104.mkv: 1020 frames
2026-09-06 18:58:10,173 INFO peoplein.stream: decoded loby/20260819-205240.mkv: 5100 frames
2026-09-06 18:58:10,197 INFO __main__: analysis interval completed start=2026-08-19 20:52:40 end=2026-08-19 20:56:04 frames=6120 ticks=1020 entered=0 exited=0 people_inside=0
2026-09-06 18:58:10,200 INFO __main__: summary updated end=2026-08-19 20:56:04
2026-09-06 18:58:10,200 WARNING peoplein.stream: archive interval skipped start=2026-08-19T20:56:04.000 end=2026-08-19T21:51:04.000 duration_seconds=3300.0 reason=camera_archives_do_not_overlap
2026-09-06 18:58:10,200 INFO peoplein.stream: analysis interval ready start=2026-08-19 21:51:04 end=2026-08-19 21:52:40
2026-09-06 18:58:42,101 INFO peoplein.stream: decoded entrance/20260819-215104.mkv: 480 frames
2026-09-06 18:58:42,196 INFO peoplein.stream: decoded loby/20260819-214742.mkv: 2400 frames
2026-09-06 18:58:42,211 INFO __main__: analysis interval completed start=2026-08-19 21:51:04 end=2026-08-19 21:52:40 frames=2880 ticks=480 entered=0 exited=0 people_inside=0
2026-09-06 18:58:42,213 INFO __main__: summary updated end=2026-08-19 21:52:40
2026-09-06 18:58:42,213 INFO peoplein.stream: analysis interval ready start=2026-08-19 21:52:40 end=2026-08-19 21:56:02
2026-09-06 18:59:38,519 INFO peoplein.stream: decoded entrance/20260819-215104.mkv: 1010 frames
2026-09-06 18:59:38,631 INFO peoplein.stream: decoded loby/20260819-215240.mkv: 5050 frames
2026-09-06 18:59:38,649 INFO __main__: analysis interval completed start=2026-08-19 21:52:40 end=2026-08-19 21:56:02 frames=6060 ticks=1010 entered=0 exited=0 people_inside=0
2026-09-06 18:59:38,651 INFO __main__: summary updated end=2026-08-19 21:56:02
2026-09-06 18:59:38,651 WARNING peoplein.stream: archive interval skipped start=2026-08-19T21:56:02.000 end=2026-08-19T23:01:02.000 duration_seconds=3900.0 reason=camera_archives_do_not_overlap
2026-09-06 18:59:38,652 INFO peoplein.stream: analysis interval ready start=2026-08-19 23:01:02 end=2026-08-19 23:02:41
2026-09-06 19:00:11,083 INFO peoplein.stream: decoded entrance/20260819-230102.mkv: 495 frames
2026-09-06 19:00:11,200 INFO peoplein.stream: decoded loby/20260819-225741.mkv: 2475 frames
2026-09-06 19:00:11,220 INFO __main__: analysis interval completed start=2026-08-19 23:01:02 end=2026-08-19 23:02:41 frames=2970 ticks=495 entered=0 exited=0 people_inside=0
2026-09-06 19:00:11,222 INFO __main__: summary updated end=2026-08-19 23:02:41
2026-09-06 19:00:11,222 WARNING peoplein.stream: archive interval skipped start=2026-08-19T23:02:41.000 end=2026-08-20T00:02:41.000 duration_seconds=3600.0 reason=camera_archives_do_not_overlap
2026-09-06 19:00:11,223 INFO peoplein.stream: analysis interval ready start=2026-08-20 00:02:41 end=2026-08-20 00:06:02
2026-09-06 19:01:05,976 INFO peoplein.stream: decoded entrance/20260820-000102.mkv: 1005 frames
2026-09-06 19:01:06,077 INFO peoplein.stream: decoded loby/20260820-000241.mkv: 5025 frames
2026-09-06 19:01:06,091 INFO __main__: analysis interval completed start=2026-08-20 00:02:41 end=2026-08-20 00:06:02 frames=6030 ticks=1005 entered=0 exited=0 people_inside=0
2026-09-06 19:01:06,093 INFO __main__: summary updated end=2026-08-20 00:06:02
2026-09-06 19:01:06,093 WARNING peoplein.stream: archive interval skipped start=2026-08-20T00:06:02.000 end=2026-08-20T00:27:40.000 duration_seconds=1298.0 reason=camera_archives_do_not_overlap
2026-09-06 19:01:06,093 INFO peoplein.stream: analysis interval ready start=2026-08-20 00:27:40 end=2026-08-20 00:31:02
2026-09-06 19:02:01,949 INFO peoplein.stream: decoded entrance/20260820-002602.mkv: 1010 frames
2026-09-06 19:02:02,084 INFO peoplein.stream: decoded loby/20260820-002740.mkv: 5050 frames
2026-09-06 19:02:02,110 INFO __main__: analysis interval completed start=2026-08-20 00:27:40 end=2026-08-20 00:31:02 frames=6060 ticks=1010 entered=0 exited=0 people_inside=0
2026-09-06 19:02:02,113 INFO __main__: summary updated end=2026-08-20 00:31:02
2026-09-06 19:02:02,113 INFO peoplein.stream: analysis interval ready start=2026-08-20 00:31:02 end=2026-08-20 00:32:40
2026-09-06 19:02:33,059 INFO peoplein.stream: decoded entrance/20260820-003102.mkv: 490 frames
2026-09-06 19:02:33,193 INFO peoplein.stream: decoded loby/20260820-002740.mkv: 2450 frames
2026-09-06 19:02:33,218 INFO __main__: analysis interval completed start=2026-08-20 00:31:02 end=2026-08-20 00:32:40 frames=2940 ticks=490 entered=0 exited=0 people_inside=0
2026-09-06 19:02:33,220 INFO __main__: summary updated end=2026-08-20 00:32:40
2026-09-06 19:02:33,220 INFO peoplein.stream: analysis interval ready start=2026-08-20 00:32:40 end=2026-08-20 00:36:02
2026-09-06 19:03:28,492 INFO peoplein.stream: decoded entrance/20260820-003102.mkv: 1010 frames
2026-09-06 19:03:28,597 INFO peoplein.stream: decoded loby/20260820-003240.mkv: 5050 frames
2026-09-06 19:03:28,616 INFO __main__: analysis interval completed start=2026-08-20 00:32:40 end=2026-08-20 00:36:02 frames=6060 ticks=1010 entered=0 exited=0 people_inside=0
2026-09-06 19:03:28,619 INFO __main__: summary updated end=2026-08-20 00:36:02
2026-09-06 19:03:28,619 WARNING peoplein.stream: archive interval skipped start=2026-08-20T00:36:02.000 end=2026-08-20T05:21:02.000 duration_seconds=17100.0 reason=camera_archives_do_not_overlap
2026-09-06 19:03:28,620 INFO peoplein.stream: analysis interval ready start=2026-08-20 05:21:02 end=2026-08-20 05:22:41
2026-09-06 19:04:01,214 INFO peoplein.stream: decoded entrance/20260820-052102.mkv: 495 frames
2026-09-06 19:04:01,371 INFO peoplein.stream: decoded loby/20260820-051741.mkv: 2475 frames
2026-09-06 19:04:01,402 INFO __main__: analysis interval completed start=2026-08-20 05:21:02 end=2026-08-20 05:22:41 frames=2970 ticks=495 entered=0 exited=0 people_inside=0
2026-09-06 19:04:01,404 INFO __main__: summary updated end=2026-08-20 05:22:41
2026-09-06 19:04:01,404 INFO peoplein.stream: analysis interval ready start=2026-08-20 05:22:41 end=2026-08-20 05:26:02
2026-09-06 19:04:59,873 INFO peoplein.stream: decoded entrance/20260820-052102.mkv: 1005 frames
2026-09-06 19:05:00,006 INFO peoplein.stream: decoded loby/20260820-052241.mkv: 5025 frames
2026-09-06 19:05:00,029 INFO __main__: analysis interval completed start=2026-08-20 05:22:41 end=2026-08-20 05:26:02 frames=6030 ticks=1005 entered=0 exited=0 people_inside=0
2026-09-06 19:05:00,032 INFO __main__: summary updated end=2026-08-20 05:26:02
2026-09-06 19:05:00,032 WARNING peoplein.stream: archive interval skipped start=2026-08-20T05:26:02.000 end=2026-08-20T05:51:02.000 duration_seconds=1500.0 reason=camera_archives_do_not_overlap
2026-09-06 19:05:00,032 INFO peoplein.stream: analysis interval ready start=2026-08-20 05:51:02 end=2026-08-20 05:52:41
2026-09-06 19:05:33,285 INFO peoplein.stream: decoded entrance/20260820-055102.mkv: 495 frames
2026-09-06 19:05:33,408 INFO peoplein.stream: decoded loby/20260820-054741.mkv: 2475 frames
2026-09-06 19:05:33,431 INFO __main__: analysis interval completed start=2026-08-20 05:51:02 end=2026-08-20 05:52:41 frames=2970 ticks=495 entered=0 exited=0 people_inside=0
2026-09-06 19:05:33,433 INFO __main__: summary updated end=2026-08-20 05:52:41
2026-09-06 19:05:33,433 WARNING peoplein.stream: archive interval skipped start=2026-08-20T05:52:41.000 end=2026-08-20T10:36:02.000 duration_seconds=17001.0 reason=camera_archives_do_not_overlap
2026-09-06 19:05:33,433 INFO peoplein.stream: analysis interval ready start=2026-08-20 10:36:02 end=2026-08-20 10:37:41
2026-09-06 19:06:07,360 INFO peoplein.stream: decoded entrance/20260820-103602.mkv: 495 frames
2026-09-06 19:06:07,506 INFO peoplein.stream: decoded loby/20260820-103241.mkv: 2475 frames
2026-09-06 19:06:07,529 INFO __main__: analysis interval completed start=2026-08-20 10:36:02 end=2026-08-20 10:37:41 frames=2970 ticks=495 entered=0 exited=0 people_inside=0
2026-09-06 19:06:07,531 INFO __main__: summary updated end=2026-08-20 10:37:41
2026-09-06 19:06:07,532 WARNING peoplein.stream: archive interval skipped start=2026-08-20T10:37:41.000 end=2026-08-20T10:57:40.000 duration_seconds=1199.0 reason=camera_archives_do_not_overlap
2026-09-06 19:06:07,532 INFO peoplein.stream: analysis interval ready start=2026-08-20 10:57:40 end=2026-08-20 11:01:02
2026-09-06 19:07:06,662 INFO peoplein.stream: decoded entrance/20260820-105602.mkv: 1010 frames
2026-09-06 19:07:06,789 INFO peoplein.stream: decoded loby/20260820-105740.mkv: 5050 frames
2026-09-06 19:07:06,811 INFO __main__: analysis interval completed start=2026-08-20 10:57:40 end=2026-08-20 11:01:02 frames=6060 ticks=1010 entered=0 exited=0 people_inside=0
2026-09-06 19:07:06,813 INFO __main__: summary updated end=2026-08-20 11:01:02
2026-09-06 19:07:06,814 WARNING peoplein.stream: archive interval skipped start=2026-08-20T11:01:02.000 end=2026-08-20T11:57:41.000 duration_seconds=3399.0 reason=camera_archives_do_not_overlap
2026-09-06 19:07:06,814 INFO peoplein.stream: analysis interval ready start=2026-08-20 11:57:41 end=2026-08-20 12:01:02
2026-09-06 19:08:06,458 INFO peoplein.stream: decoded entrance/20260820-115602.mkv: 1005 frames
2026-09-06 19:08:06,560 INFO peoplein.stream: decoded loby/20260820-115741.mkv: 5025 frames
2026-09-06 19:08:06,581 INFO __main__: analysis interval completed start=2026-08-20 11:57:41 end=2026-08-20 12:01:02 frames=6030 ticks=1005 entered=0 exited=0 people_inside=0
2026-09-06 19:08:06,583 INFO __main__: summary updated end=2026-08-20 12:01:02
2026-09-06 19:08:06,584 WARNING peoplein.stream: archive interval skipped start=2026-08-20T12:01:02.000 end=2026-08-20T12:36:02.000 duration_seconds=2100.0 reason=camera_archives_do_not_overlap
2026-09-06 19:08:06,584 INFO peoplein.stream: analysis interval ready start=2026-08-20 12:36:02 end=2026-08-20 12:37:40
2026-09-06 19:08:39,592 INFO peoplein.stream: decoded entrance/20260820-123602.mkv: 490 frames
2026-09-06 19:08:39,712 INFO peoplein.stream: decoded loby/20260820-123240.mkv: 2450 frames
2026-09-06 19:08:39,735 INFO __main__: analysis interval completed start=2026-08-20 12:36:02 end=2026-08-20 12:37:40 frames=2940 ticks=490 entered=0 exited=0 people_inside=0
2026-09-06 19:08:39,736 INFO __main__: summary updated end=2026-08-20 12:37:40
2026-09-06 19:08:39,737 INFO peoplein.stream: analysis interval ready start=2026-08-20 12:37:40 end=2026-08-20 12:41:02
2026-09-06 19:09:38,668 INFO peoplein.stream: decoded entrance/20260820-123602.mkv: 1010 frames
2026-09-06 19:09:38,795 INFO peoplein.stream: decoded loby/20260820-123740.mkv: 5050 frames
2026-09-06 19:09:38,809 INFO __main__: analysis interval completed start=2026-08-20 12:37:40 end=2026-08-20 12:41:02 frames=6060 ticks=1010 entered=0 exited=0 people_inside=0
2026-09-06 19:09:38,812 INFO __main__: summary updated end=2026-08-20 12:41:02
2026-09-06 19:09:38,812 WARNING peoplein.stream: archive interval skipped start=2026-08-20T12:41:02.000 end=2026-08-20T13:17:41.000 duration_seconds=2199.0 reason=camera_archives_do_not_overlap
2026-09-06 19:09:38,812 INFO peoplein.stream: analysis interval ready start=2026-08-20 13:17:41 end=2026-08-20 13:21:02
2026-09-06 19:10:38,795 INFO peoplein.stream: decoded entrance/20260820-131602.mkv: 1005 frames
2026-09-06 19:10:38,915 INFO peoplein.stream: decoded loby/20260820-131741.mkv: 5025 frames
2026-09-06 19:10:38,938 INFO __main__: analysis interval completed start=2026-08-20 13:17:41 end=2026-08-20 13:21:02 frames=6030 ticks=1005 entered=0 exited=0 people_inside=0
2026-09-06 19:10:38,942 INFO __main__: summary updated end=2026-08-20 13:21:02
2026-09-06 19:10:38,942 WARNING peoplein.stream: archive interval skipped start=2026-08-20T13:21:02.000 end=2026-08-20T13:27:40.000 duration_seconds=398.0 reason=camera_archives_do_not_overlap
2026-09-06 19:10:38,942 INFO peoplein.stream: analysis interval ready start=2026-08-20 13:27:40 end=2026-08-20 13:31:02
2026-09-06 19:11:39,638 INFO peoplein.stream: decoded entrance/20260820-132602.mkv: 1010 frames
2026-09-06 19:11:39,749 INFO peoplein.stream: decoded loby/20260820-132740.mkv: 5050 frames
2026-09-06 19:11:39,768 INFO __main__: analysis interval completed start=2026-08-20 13:27:40 end=2026-08-20 13:31:02 frames=6060 ticks=1010 entered=0 exited=0 people_inside=0
2026-09-06 19:11:39,771 INFO __main__: summary updated end=2026-08-20 13:31:02
2026-09-06 19:11:39,771 INFO peoplein.stream: analysis interval ready start=2026-08-20 13:31:02 end=2026-08-20 13:32:40
2026-09-06 19:12:13,469 INFO peoplein.stream: decoded entrance/20260820-133102.mkv: 490 frames
2026-09-06 19:12:13,612 INFO peoplein.stream: decoded loby/20260820-132740.mkv: 2450 frames
2026-09-06 19:12:13,643 INFO __main__: analysis interval completed start=2026-08-20 13:31:02 end=2026-08-20 13:32:40 frames=2940 ticks=490 entered=0 exited=0 people_inside=0
2026-09-06 19:12:13,646 INFO __main__: summary updated end=2026-08-20 13:32:40
2026-09-06 19:12:13,646 INFO peoplein.stream: analysis interval ready start=2026-08-20 13:32:40 end=2026-08-20 13:36:02
2026-09-06 19:13:12,877 INFO peoplein.stream: decoded entrance/20260820-133102.mkv: 1010 frames
2026-09-06 19:13:13,000 INFO peoplein.stream: decoded loby/20260820-133240.mkv: 5050 frames
2026-09-06 19:13:13,013 INFO __main__: analysis interval completed start=2026-08-20 13:32:40 end=2026-08-20 13:36:02 frames=6060 ticks=1010 entered=0 exited=0 people_inside=0
2026-09-06 19:13:13,017 INFO __main__: summary updated end=2026-08-20 13:36:02
2026-09-06 19:13:13,017 INFO peoplein.stream: analysis interval ready start=2026-08-20 13:36:02 end=2026-08-20 13:37:40
2026-09-06 19:13:46,179 INFO peoplein.stream: decoded entrance/20260820-133602.mkv: 490 frames
2026-09-06 19:13:46,286 INFO peoplein.stream: decoded loby/20260820-133240.mkv: 2450 frames
2026-09-06 19:13:46,308 INFO __main__: analysis interval completed start=2026-08-20 13:36:02 end=2026-08-20 13:37:40 frames=2940 ticks=490 entered=0 exited=0 people_inside=0
2026-09-06 19:13:46,310 INFO __main__: summary updated end=2026-08-20 13:37:40
2026-09-06 19:13:46,310 INFO peoplein.stream: analysis interval ready start=2026-08-20 13:37:40 end=2026-08-20 13:41:02
2026-09-06 19:14:45,776 INFO peoplein.stream: decoded entrance/20260820-133602.mkv: 1010 frames
2026-09-06 19:14:45,908 INFO peoplein.stream: decoded loby/20260820-133740.mkv: 5050 frames
2026-09-06 19:14:45,934 INFO __main__: analysis interval completed start=2026-08-20 13:37:40 end=2026-08-20 13:41:02 frames=6060 ticks=1010 entered=0 exited=0 people_inside=0
2026-09-06 19:14:45,937 INFO __main__: summary updated end=2026-08-20 13:41:02
2026-09-06 19:14:45,937 WARNING peoplein.stream: archive interval skipped start=2026-08-20T13:41:02.000 end=2026-08-20T14:32:41.000 duration_seconds=3099.0 reason=camera_archives_do_not_overlap
2026-09-06 19:14:45,937 INFO peoplein.stream: analysis interval ready start=2026-08-20 14:32:41 end=2026-08-20 14:36:02
2026-09-06 19:15:46,897 INFO peoplein.stream: decoded entrance/20260820-143102.mkv: 1005 frames
2026-09-06 19:15:47,034 INFO peoplein.stream: decoded loby/20260820-143241.mkv: 5025 frames
2026-09-06 19:15:47,062 INFO __main__: analysis interval completed start=2026-08-20 14:32:41 end=2026-08-20 14:36:02 frames=6030 ticks=1005 entered=0 exited=0 people_inside=0
2026-09-06 19:15:47,065 INFO __main__: summary updated end=2026-08-20 14:36:02
2026-09-06 19:15:47,066 WARNING peoplein.stream: archive interval skipped start=2026-08-20T14:36:02.000 end=2026-08-20T14:42:40.000 duration_seconds=398.0 reason=camera_archives_do_not_overlap
2026-09-06 19:15:47,066 INFO peoplein.stream: analysis interval ready start=2026-08-20 14:42:40 end=2026-08-20 14:46:02
2026-09-06 19:16:48,072 INFO peoplein.stream: decoded entrance/20260820-144102.mkv: 1010 frames
2026-09-06 19:16:48,202 INFO peoplein.stream: decoded loby/20260820-144240.mkv: 5050 frames
2026-09-06 19:16:48,226 INFO __main__: analysis interval completed start=2026-08-20 14:42:40 end=2026-08-20 14:46:02 frames=6060 ticks=1010 entered=0 exited=0 people_inside=0
2026-09-06 19:16:48,229 INFO __main__: summary updated end=2026-08-20 14:46:02
2026-09-06 19:16:48,229 WARNING peoplein.stream: archive interval skipped start=2026-08-20T14:46:02.000 end=2026-08-20T14:57:40.000 duration_seconds=698.0 reason=camera_archives_do_not_overlap
2026-09-06 19:16:48,229 INFO peoplein.stream: analysis interval ready start=2026-08-20 14:57:40 end=2026-08-20 15:01:02
2026-09-06 19:17:47,244 INFO peoplein.stream: decoded entrance/20260820-145602.mkv: 1010 frames
2026-09-06 19:17:47,399 INFO peoplein.stream: decoded loby/20260820-145740.mkv: 5050 frames
2026-09-06 19:17:47,429 INFO __main__: analysis interval completed start=2026-08-20 14:57:40 end=2026-08-20 15:01:02 frames=6060 ticks=1010 entered=0 exited=0 people_inside=0
2026-09-06 19:17:47,432 INFO __main__: summary updated end=2026-08-20 15:01:02
2026-09-06 19:17:47,432 INFO peoplein.stream: analysis interval ready start=2026-08-20 15:01:02 end=2026-08-20 15:02:40
2026-09-06 19:18:20,997 INFO peoplein.stream: decoded entrance/20260820-150102.mkv: 490 frames
2026-09-06 19:18:21,141 INFO peoplein.stream: decoded loby/20260820-145740.mkv: 2450 frames
2026-09-06 19:18:21,165 INFO __main__: analysis interval completed start=2026-08-20 15:01:02 end=2026-08-20 15:02:40 frames=2940 ticks=490 entered=0 exited=0 people_inside=0
2026-09-06 19:18:21,168 INFO __main__: summary updated end=2026-08-20 15:02:40
2026-09-06 19:18:21,168 WARNING peoplein.stream: archive interval skipped start=2026-08-20T15:02:40.000 end=2026-08-20T16:07:40.000 duration_seconds=3900.0 reason=camera_archives_do_not_overlap
2026-09-06 19:18:21,168 INFO peoplein.stream: analysis interval ready start=2026-08-20 16:07:40 end=2026-08-20 16:11:02
2026-09-06 19:19:23,825 INFO peoplein.stream: decoded entrance/20260820-160602.mkv: 1010 frames
2026-09-06 19:19:23,961 INFO peoplein.stream: decoded loby/20260820-160740.mkv: 5050 frames
2026-09-06 19:19:23,992 INFO __main__: analysis interval completed start=2026-08-20 16:07:40 end=2026-08-20 16:11:02 frames=6060 ticks=1010 entered=0 exited=0 people_inside=0
2026-09-06 19:19:23,995 INFO __main__: summary updated end=2026-08-20 16:11:02
2026-09-06 19:19:23,996 WARNING peoplein.stream: archive interval skipped start=2026-08-20T16:11:02.000 end=2026-08-20T16:22:40.000 duration_seconds=698.0 reason=camera_archives_do_not_overlap
2026-09-06 19:19:23,996 INFO peoplein.stream: analysis interval ready start=2026-08-20 16:22:40 end=2026-08-20 16:26:02
2026-09-06 19:20:24,233 INFO peoplein.stream: decoded entrance/20260820-162102.mkv: 1010 frames
2026-09-06 19:20:24,372 INFO peoplein.stream: decoded loby/20260820-162240.mkv: 5050 frames
2026-09-06 19:20:24,395 INFO __main__: analysis interval completed start=2026-08-20 16:22:40 end=2026-08-20 16:26:02 frames=6060 ticks=1010 entered=0 exited=0 people_inside=0
2026-09-06 19:20:24,398 INFO __main__: summary updated end=2026-08-20 16:26:02
2026-09-06 19:20:24,399 INFO peoplein.stream: analysis interval ready start=2026-08-20 16:26:02 end=2026-08-20 16:27:40
2026-09-06 19:20:58,594 INFO peoplein.stream: decoded entrance/20260820-162602.mkv: 490 frames
2026-09-06 19:20:58,717 INFO peoplein.stream: decoded loby/20260820-162240.mkv: 2450 frames
2026-09-06 19:20:58,739 INFO __main__: analysis interval completed start=2026-08-20 16:26:02 end=2026-08-20 16:27:40 frames=2940 ticks=490 entered=0 exited=0 people_inside=0
2026-09-06 19:20:58,741 INFO __main__: summary updated end=2026-08-20 16:27:40
2026-09-06 19:20:58,741 WARNING peoplein.stream: archive interval skipped start=2026-08-20T16:27:40.000 end=2026-08-20T16:31:02.000 duration_seconds=202.0 reason=camera_archives_do_not_overlap
2026-09-06 19:20:59,031 INFO __main__: summary updated end=2026-08-20 16:27:40
2026-09-06 19:20:59,031 INFO __main__: run completed seconds=6963 frames=208890 ticks=34815 max_skew_ms=0 occupancy_exact_match_pct=None video_duration_seconds=6963.0 processing_time_seconds=2105.735 people_inside=0 passage_confirmation_ratio=None
